> Task :app:preBuild UP-TO-DATE
> Task :app:preDebugBuild UP-TO-DATE
> Task :app:generateDebugResources UP-TO-DATE
> Task :app:processDebugGoogleServices UP-TO-DATE
> Task :app:packageDebugResources UP-TO-DATE
> Task :app:processDebugNavigationResources UP-TO-DATE
> Task :app:parseDebugLocalResources UP-TO-DATE
> Task :app:generateDebugRFile UP-TO-DATE
> Task :app:compileDebugKotlin NO-SOURCE
> Task :app:javaPreCompileDebug UP-TO-DATE

> Task :app:compileDebugJavaWithJavac
.\gradlew.bat : D:\ITI\Food Plann
er\app\src\main\java\com\example\
foodplanner\presentation\profile\
ProfileFragment.java:26: error: 
cannot find symbol
At line:1 char:1
+ .\gradlew.bat 
compileDebugJavaWithJavac 2>&1 | 
Out-File -FilePath bui ...
+ ~~~~~~~~~~~~~~~~~~~~~~~~~~~~~~~
~~~~~~~~~~~~~
    + CategoryInfo          : No 
   tSpecified: (D:\ITI\Food Pla  
  ...not find symbol:String) [   
 ], RemoteException
    + FullyQualifiedErrorId : Na 
   tiveCommandError
 
import com.example.foodplanner.Bu
ildConfig;
                              ^
  symbol:   class BuildConfig
  location: package 
com.example.foodplanner
1 error

> Task :app:compileDebugJavaWithJavac FAILED

[Incubating] Problems report is available at: file:///D:/ITI/Food%20Planner/build/reports/problems/problems-report.html

FAILURE: Build failed with an 
exception.

* What went wrong:
Execution failed for task 
':app:compileDebugJavaWithJavac'.
> Compilation failed; see the 
compiler output below.
  D:\ITI\Food Planner\app\src\mai
n\java\com\example\foodplanner\pr
esentation\profile\ProfileFragmen
t.java:26: error: cannot find 
symbol
  import com.example.foodplanner.
BuildConfig;
                                ^
    symbol:   class BuildConfig
    location: package 
com.example.foodplanner
  1 error

* Try:
> Check your code and 
dependencies to fix the 
compilation error(s)
> Run with --scan to generate a 
Build Scan (Powered by 
Develocity).

BUILD FAILED in 5s
8 actionable tasks: 1 executed, 7 up-to-date
